[seed] centers_hex_0.2066_0.json: n=100 R=0.1330297
[seed] centers_hex_0.2090_130.json: n=100 R=0.1274262
[marathon3] 8 chains, seeds ready at 67s
[gpu_hybrid] sample points: 73728, device: cuda
[gpu_hybrid] start best = 0.116963544
[round 1] chain Rs: 0.1169593 0.1169595 0.1169595 0.1169595 0.1178423 0.1169596 0.1179388 0.1209556 | best 0.116959286 | 252s
[round 2] chain Rs: 0.1169551 0.1169555 0.1169553 0.1169557 0.1178423 0.1169555 0.1179257 0.1196203 | best 0.116955110 | 507s
[round 3] chain Rs: 0.1169518 0.1169518 0.1169515 0.1169519 0.1178423 0.1169517 0.1179147 0.1192025 | best 0.116951507 | 771s
[round 4] chain Rs: 0.1169487 0.1169484 0.1169482 0.1169484 0.1178423 0.1169486 0.1179033 0.1188228 | best 0.116948187 | 1034s
[round 5] chain Rs: 0.1169454 0.1169455 0.1169457 0.1169457 0.1178423 0.1169455 0.1178959 0.1184517 | best 0.116945424 | 1298s
[round 6] chain Rs: 0.1169427 0.1169425 0.1169428 0.1169426 0.1178423 0.1169430 0.1178897 0.1182653 | best 0.116942522 | 1564s
[round 7] chain Rs: 0.1169402 0.1169404 0.1169404 0.1169402 0.1178423 0.1169405 0.1178840 0.1182096 | best 0.116940201 | 1839s
[round 8] chain Rs: 0.1169382 0.1169381 0.1169382 0.1169383 0.1178423 0.1169383 0.1178785 0.1181508 | best 0.116938140 | 2114s
[round 9] chain Rs: 0.1169364 0.1169363 0.1169363 0.1169364 0.1178423 0.1169363 0.1178735 0.1180968 | best 0.116936261 | 2383s
[round 10] chain Rs: 0.1169345 0.1169346 0.1169344 0.1169345 0.1178423 0.1169345 0.1178693 0.1180200 | best 0.116934383 | 2663s
[round 11] chain Rs: 0.1169330 0.1169329 0.1169329 0.1169331 0.1178423 0.1169328 0.1178657 0.1179418 | best 0.116932845 | 2936s
[round 12] chain Rs: 0.1169313 0.1169315 0.1169315 0.1169316 0.1178423 0.1169314 0.1178625 0.1178498 | best 0.116931273 | 3212s
[round 13] chain Rs: 0.1169301 0.1169303 0.1169302 0.1169301 0.1178423 0.1169301 0.1178598 0.1177897 | best 0.116930079 | 3477s
[round 14] chain Rs: 0.1169290 0.1169290 0.1169290 0.1169290 0.1178423 0.1169290 0.1178572 0.1177295 | best 0.116928979 | 3737s
[round 15] chain Rs: 0.1169279 0.1169280 0.1169279 0.1169279 0.1178423 0.1169279 0.1178554 0.1176666 | best 0.116927889 | 3992s
[round 16] chain Rs: 0.1169271 0.1169270 0.1169271 0.1169270 0.1178423 0.1169270 0.1178537 0.1176036 | best 0.116926975 | 4265s
[round 17] chain Rs: 0.1169262 0.1169262 0.1169262 0.1169261 0.1178423 0.1169261 0.1178522 0.1175491 | best 0.116926092 | 4544s
[round 18] chain Rs: 0.1169254 0.1169254 0.1169254 0.1169254 0.1178423 0.1169254 0.1178508 0.1174887 | best 0.116925362 | 4848s
[round 19] chain Rs: 0.1169246 0.1169247 0.1169247 0.1169247 0.1178423 0.1169247 0.1178497 0.1174474 | best 0.116924647 | 5139s
[round 20] chain Rs: 0.1169240 0.1169241 0.1169241 0.1169241 0.1178423 0.1169241 0.1178487 0.1173937 | best 0.116924003 | 5430s
[round 21] chain Rs: 0.1169235 0.1169235 0.1169235 0.1169235 0.1178423 0.1169235 0.1178478 0.1173472 | best 0.116923487 | 5716s
[round 22] chain Rs: 0.1169230 0.1169230 0.1169230 0.1169230 0.1178423 0.1169230 0.1178471 0.1173068 | best 0.116922962 | 6018s
[round 23] chain Rs: 0.1169225 0.1169226 0.1169226 0.1169225 0.1178423 0.1169225 0.1178465 0.1172659 | best 0.116922504 | 6307s
[round 24] chain Rs: 0.1169221 0.1169222 0.1169222 0.1169221 0.1178423 0.1169221 0.1178460 0.1172379 | best 0.116922087 | 6581s
[round 25] chain Rs: 0.1169217 0.1169218 0.1169218 0.1169217 0.1178423 0.1169217 0.1178454 0.1172071 | best 0.116921737 | 6876s
[round 26] chain Rs: 0.1169214 0.1169215 0.1169215 0.1169214 0.1178423 0.1169214 0.1178450 0.1171793 | best 0.116921421 | 7164s
[round 27] chain Rs: 0.1169211 0.1169212 0.1169212 0.1169211 0.1178423 0.1169211 0.1178447 0.1171564 | best 0.116921106 | 7432s
[round 28] chain Rs: 0.1169208 0.1169209 0.1169209 0.1169208 0.1178423 0.1169208 0.1178443 0.1171329 | best 0.116920831 | 7704s
[round 29] chain Rs: 0.1169206 0.1169206 0.1169207 0.1169206 0.1178423 0.1169206 0.1178440 0.1171113 | best 0.116920613 | 7969s
[round 30] chain Rs: 0.1169204 0.1169204 0.1169205 0.1169204 0.1178423 0.1169204 0.1178438 0.1170926 | best 0.116920375 | 8239s
[round 31] chain Rs: 0.1169202 0.1169202 0.1169203 0.1169202 0.1178423 0.1169202 0.1178436 0.1170762 | best 0.116920184 | 8527s
[round 32] chain Rs: 0.1169200 0.1169200 0.1169201 0.1169200 0.1178423 0.1169200 0.1178434 0.1170620 | best 0.116920007 | 8817s
[round 33] chain Rs: 0.1169198 0.1169199 0.1169199 0.1169199 0.1178423 0.1169199 0.1178432 0.1170469 | best 0.116919829 | 9094s
[round 34] chain Rs: 0.1169197 0.1169197 0.1169198 0.1169197 0.1178423 0.1169197 0.1178430 0.1170363 | best 0.116919692 | 9367s
[round 35] chain Rs: 0.1169196 0.1169196 0.1169196 0.1169196 0.1178423 0.1169196 0.1178429 0.1170243 | best 0.116919572 | 9640s
[round 36] chain Rs: 0.1169195 0.1169195 0.1169195 0.1169195 0.1178423 0.1169195 0.1178428 0.1170127 | best 0.116919458 | 9878s
[round 37] chain Rs: 0.1169194 0.1169194 0.1169194 0.1169194 0.1178423 0.1169193 0.1178427 0.1170035 | best 0.116919348 | 10117s
[round 38] chain Rs: 0.1169192 0.1169193 0.1169193 0.1169193 0.1178423 0.1169193 0.1178426 0.1169951 | best 0.116919250 | 10355s
[round 39] chain Rs: 0.1169192 0.1169192 0.1169192 0.1169192 0.1178423 0.1169192 0.1178425 0.1169887 | best 0.116919167 | 10593s
[round 40] chain Rs: 0.1169191 0.1169192 0.1169192 0.1169191 0.1178423 0.1169191 0.1178424 0.1169817 | best 0.116919114 | 10815s
[gpu_hybrid] done: best = 0.116919114
