[seed] centers_hex_0.2066_0.json: n=100 R=0.1330297
[seed] centers_hex_0.2090_130.json: n=100 R=0.1274262
[marathon3] 8 chains, seeds ready at 86s
[gpu_hybrid] sample points: 73728, device: cuda
[gpu_hybrid] start best = 0.117842326
[round 1] chain Rs: 0.1178423 0.1178423 0.1178423 0.1178423 0.1179391 0.1209192 0.1208618 0.1209556 | best 0.117842320 | 363s
[round 2] chain Rs: 0.1178423 0.1178423 0.1178423 0.1178423 0.1179267 0.1196783 0.1204782 0.1196203 | best 0.117842318 | 716s
[round 3] chain Rs: 0.1178423 0.1178423 0.1178423 0.1178423 0.1179143 0.1191712 0.1198260 0.1192025 | best 0.117842315 | 2119s
[round 4] chain Rs: 0.1178423 0.1178423 0.1178423 0.1178423 0.1179033 0.1187439 0.1191516 0.1188228 | best 0.117842314 | 2436s
[round 5] chain Rs: 0.1178423 0.1178423 0.1178423 0.1178423 0.1178950 0.1184283 0.1186156 0.1184517 | best 0.117842312 | 2780s
[round 6] chain Rs: 0.1178423 0.1178423 0.1178423 0.1178423 0.1178888 0.1182550 0.1182815 0.1182653 | best 0.117842309 | 3126s
[round 7] chain Rs: 0.1178423 0.1178423 0.1178423 0.1178423 0.1178837 0.1181943 0.1180575 0.1182096 | best 0.117842309 | 3439s
[round 8] chain Rs: 0.1178423 0.1178423 0.1178423 0.1178423 0.1178783 0.1181661 0.1179280 0.1181508 | best 0.117842307 | 3756s
[round 9] chain Rs: 0.1178423 0.1178423 0.1178423 0.1178423 0.1178738 0.1181118 0.1178725 0.1180968 | best 0.117842306 | 4092s
[round 10] chain Rs: 0.1178423 0.1178423 0.1178423 0.1178423 0.1178696 0.1180497 0.1178338 0.1180200 | best 0.117833792 | 4403s
[round 11] chain Rs: 0.1178423 0.1178423 0.1178423 0.1178423 0.1178660 0.1179828 0.1177847 0.1179418 | best 0.117784724 | 4724s
[round 12] chain Rs: 0.1178423 0.1178423 0.1178423 0.1178423 0.1178631 0.1179034 0.1177464 0.1178498 | best 0.117746366 | 5031s
[round 13] chain Rs: 0.1178423 0.1178423 0.1178423 0.1178423 0.1178604 0.1178271 0.1177096 0.1177897 | best 0.117709569 | 5377s
[round 14] chain Rs: 0.1178423 0.1178423 0.1178423 0.1178423 0.1178580 0.1177713 0.1176846 0.1177295 | best 0.117684640 | 5714s
[round 15] chain Rs: 0.1178423 0.1178423 0.1178423 0.1178423 0.1178562 0.1176993 0.1176589 0.1176666 | best 0.117658871 | 6020s
[round 16] chain Rs: 0.1178423 0.1178423 0.1178423 0.1178423 0.1178543 0.1176381 0.1176293 0.1176036 | best 0.117603623 | 6330s
[round 17] chain Rs: 0.1178423 0.1178423 0.1178423 0.1178423 0.1178527 0.1175710 0.1176072 0.1175491 | best 0.117549122 | 6627s
[round 18] chain Rs: 0.1178423 0.1178423 0.1178423 0.1178423 0.1178515 0.1175036 0.1175910 0.1174887 | best 0.117488727 | 6924s
[round 19] chain Rs: 0.1178423 0.1178423 0.1178423 0.1178423 0.1178505 0.1174556 0.1175738 0.1174474 | best 0.117447409 | 7220s
[round 20] chain Rs: 0.1178423 0.1178423 0.1178423 0.1178423 0.1178494 0.1174093 0.1175582 0.1173937 | best 0.117393703 | 7536s
[round 21] chain Rs: 0.1178423 0.1178423 0.1178423 0.1178423 0.1178485 0.1173640 0.1175439 0.1173472 | best 0.117347162 | 7849s
[round 22] chain Rs: 0.1178423 0.1178423 0.1178423 0.1178423 0.1178478 0.1173280 0.1175322 0.1173068 | best 0.117306793 | 8172s
[round 23] chain Rs: 0.1178423 0.1178423 0.1178423 0.1178423 0.1178471 0.1172905 0.1175212 0.1172659 | best 0.117265916 | 8510s
[round 24] chain Rs: 0.1178423 0.1178423 0.1178423 0.1178423 0.1178466 0.1172549 0.1175140 0.1172379 | best 0.117237919 | 8813s
[round 25] chain Rs: 0.1178423 0.1178423 0.1178423 0.1178423 0.1178461 0.1172244 0.1175053 0.1172071 | best 0.117207105 | 9110s
[round 26] chain Rs: 0.1178423 0.1178423 0.1178423 0.1178423 0.1178457 0.1172005 0.1174984 0.1171793 | best 0.117179343 | 9411s
[round 27] chain Rs: 0.1178423 0.1178423 0.1178423 0.1178423 0.1178453 0.1171706 0.1174910 0.1171564 | best 0.117156397 | 9707s
[round 28] chain Rs: 0.1178423 0.1178423 0.1178423 0.1178423 0.1178450 0.1171463 0.1174863 0.1171329 | best 0.117132887 | 10003s
[round 29] chain Rs: 0.1178423 0.1178423 0.1178423 0.1178423 0.1178447 0.1171292 0.1174811 0.1171113 | best 0.117111349 | 10304s
[round 30] chain Rs: 0.1178423 0.1178423 0.1178423 0.1178423 0.1178445 0.1171097 0.1174765 0.1170926 | best 0.117092575 | 10614s
[round 31] chain Rs: 0.1178423 0.1178423 0.1178423 0.1178423 0.1178442 0.1170917 0.1174724 0.1170762 | best 0.117076225 | 10910s
[gpu_hybrid] done: best = 0.117076225
