[seed] centers_hex_0.2066_0.json: n=100 R=0.1330297
[seed] centers_hex_0.2090_130.json: n=100 R=0.1274262
[marathon3] 8 chains, seeds ready at 65s
[gpu_hybrid] sample points: 73728, device: cuda
[gpu_hybrid] start best = 0.116919145
[round 1] chain Rs: 0.1169191 0.1169191 0.1169191 0.1169191 0.1178423 0.1169191 0.1179388 0.1209556 | best 0.116919079 | 223s
[round 2] chain Rs: 0.1169191 0.1169191 0.1169191 0.1169191 0.1178423 0.1169191 0.1179257 0.1196203 | best 0.116919065 | 431s
[round 3] chain Rs: 0.1169190 0.1169190 0.1169191 0.1169191 0.1178423 0.1169191 0.1179147 0.1192025 | best 0.116919040 | 644s
[round 4] chain Rs: 0.1169190 0.1169190 0.1169191 0.1169190 0.1178423 0.1169190 0.1179033 0.1188228 | best 0.116919009 | 856s
[round 5] chain Rs: 0.1169190 0.1169190 0.1169190 0.1169190 0.1178423 0.1169190 0.1178959 0.1184517 | best 0.116918983 | 1080s
[round 6] chain Rs: 0.1169190 0.1169190 0.1169190 0.1169190 0.1178423 0.1169190 0.1178897 0.1182653 | best 0.116918965 | 1298s
[round 7] chain Rs: 0.1169189 0.1169189 0.1169190 0.1169190 0.1178423 0.1169190 0.1178840 0.1182096 | best 0.116918947 | 1506s
[round 8] chain Rs: 0.1169189 0.1169189 0.1169190 0.1169190 0.1178423 0.1169190 0.1178785 0.1181508 | best 0.116918947 | 1713s
[round 9] chain Rs: 0.1169189 0.1169189 0.1169190 0.1169190 0.1178423 0.1169190 0.1178735 0.1180968 | best 0.116918938 | 1919s
[round 10] chain Rs: 0.1169189 0.1169189 0.1169190 0.1169189 0.1178423 0.1169190 0.1178693 0.1180200 | best 0.116918922 | 2128s
[round 11] chain Rs: 0.1169189 0.1169189 0.1169190 0.1169189 0.1178423 0.1169190 0.1178657 0.1179418 | best 0.116918912 | 2332s
[round 12] chain Rs: 0.1169189 0.1169189 0.1169189 0.1169189 0.1178423 0.1169189 0.1178625 0.1178498 | best 0.116918904 | 2530s
[round 13] chain Rs: 0.1169189 0.1169189 0.1169189 0.1169189 0.1178423 0.1169189 0.1178598 0.1177897 | best 0.116918900 | 2737s
[round 14] chain Rs: 0.1169189 0.1169189 0.1169189 0.1169189 0.1178423 0.1169189 0.1178572 0.1177295 | best 0.116918887 | 2942s
[round 15] chain Rs: 0.1169189 0.1169189 0.1169189 0.1169189 0.1178423 0.1169189 0.1178554 0.1176666 | best 0.116918882 | 3157s
[round 16] chain Rs: 0.1169189 0.1169189 0.1169189 0.1169189 0.1178423 0.1169189 0.1178537 0.1176036 | best 0.116918862 | 3363s
[round 17] chain Rs: 0.1169189 0.1169189 0.1169189 0.1169189 0.1178423 0.1169189 0.1178522 0.1175491 | best 0.116918862 | 3561s
[round 18] chain Rs: 0.1169189 0.1169189 0.1169189 0.1169189 0.1178423 0.1169189 0.1178508 0.1174887 | best 0.116918856 | 3767s
[round 19] chain Rs: 0.1169188 0.1169189 0.1169189 0.1169189 0.1178423 0.1169189 0.1178497 0.1174474 | best 0.116918847 | 3971s
[round 20] chain Rs: 0.1169188 0.1169189 0.1169189 0.1169188 0.1178423 0.1169189 0.1178487 0.1173937 | best 0.116918847 | 4170s
[round 21] chain Rs: 0.1169188 0.1169189 0.1169189 0.1169188 0.1178423 0.1169189 0.1178478 0.1173472 | best 0.116918847 | 4365s
[round 22] chain Rs: 0.1169188 0.1169189 0.1169189 0.1169188 0.1178423 0.1169189 0.1178471 0.1173068 | best 0.116918846 | 4562s
[round 23] chain Rs: 0.1169188 0.1169189 0.1169189 0.1169188 0.1178423 0.1169189 0.1178465 0.1172659 | best 0.116918834 | 4774s
[round 24] chain Rs: 0.1169188 0.1169189 0.1169189 0.1169188 0.1178423 0.1169189 0.1178460 0.1172379 | best 0.116918834 | 4970s
[round 25] chain Rs: 0.1169188 0.1169189 0.1169189 0.1169188 0.1178423 0.1169189 0.1178454 0.1172071 | best 0.116918831 | 5173s
[round 26] chain Rs: 0.1169188 0.1169189 0.1169189 0.1169188 0.1178423 0.1169189 0.1178450 0.1171793 | best 0.116918821 | 5374s
[round 27] chain Rs: 0.1169188 0.1169188 0.1169189 0.1169188 0.1178423 0.1169189 0.1178447 0.1171564 | best 0.116918819 | 5597s
[round 28] chain Rs: 0.1169188 0.1169188 0.1169189 0.1169188 0.1178423 0.1169189 0.1178443 0.1171329 | best 0.116918819 | 5802s
[round 29] chain Rs: 0.1169188 0.1169188 0.1169189 0.1169188 0.1178423 0.1169189 0.1178440 0.1171113 | best 0.116918818 | 6011s
[round 30] chain Rs: 0.1169188 0.1169188 0.1169189 0.1169188 0.1178423 0.1169189 0.1178438 0.1170926 | best 0.116918818 | 6207s
[round 31] chain Rs: 0.1169188 0.1169188 0.1169189 0.1169188 0.1178423 0.1169189 0.1178436 0.1170762 | best 0.116918818 | 6407s
[round 32] chain Rs: 0.1169188 0.1169188 0.1169189 0.1169188 0.1178423 0.1169189 0.1178434 0.1170620 | best 0.116918818 | 6607s
[round 33] chain Rs: 0.1169188 0.1169188 0.1169189 0.1169188 0.1178423 0.1169189 0.1178432 0.1170469 | best 0.116918818 | 6804s
[round 34] chain Rs: 0.1169188 0.1169188 0.1169189 0.1169188 0.1178423 0.1169188 0.1178430 0.1170363 | best 0.116918818 | 7007s
[round 35] chain Rs: 0.1169188 0.1169188 0.1169189 0.1169188 0.1178423 0.1169188 0.1178429 0.1170243 | best 0.116918818 | 7207s
[round 36] chain Rs: 0.1169188 0.1169188 0.1169189 0.1169188 0.1178423 0.1169188 0.1178428 0.1170127 | best 0.116918818 | 7416s
[round 37] chain Rs: 0.1169188 0.1169188 0.1169189 0.1169188 0.1178423 0.1169188 0.1178427 0.1170035 | best 0.116918816 | 7618s
[round 38] chain Rs: 0.1169188 0.1169188 0.1169189 0.1169188 0.1178423 0.1169188 0.1178426 0.1169951 | best 0.116918816 | 7818s
[round 39] chain Rs: 0.1169188 0.1169188 0.1169189 0.1169188 0.1178423 0.1169188 0.1178425 0.1169887 | best 0.116918816 | 8016s
[round 40] chain Rs: 0.1169188 0.1169188 0.1169189 0.1169188 0.1178423 0.1169188 0.1178424 0.1169817 | best 0.116918816 | 8208s
[round 41] chain Rs: 0.1169188 0.1169188 0.1169189 0.1169188 0.1178423 0.1169188 0.1178424 0.1169748 | best 0.116918816 | 8401s
[round 42] chain Rs: 0.1169188 0.1169188 0.1169189 0.1169188 0.1178423 0.1169188 0.1178423 0.1169690 | best 0.116918816 | 8603s
[round 43] chain Rs: 0.1169188 0.1169188 0.1169189 0.1169188 0.1178423 0.1169188 0.1178423 0.1169645 | best 0.116918816 | 8803s
[round 44] chain Rs: 0.1169188 0.1169188 0.1169189 0.1169188 0.1178423 0.1169188 0.1178422 0.1169602 | best 0.116918816 | 8997s
[round 45] chain Rs: 0.1169188 0.1169188 0.1169189 0.1169188 0.1178423 0.1169188 0.1178422 0.1169559 | best 0.116918816 | 9201s
[round 46] chain Rs: 0.1169188 0.1169188 0.1169189 0.1169188 0.1178423 0.1169188 0.1178422 0.1169519 | best 0.116918816 | 9396s
[round 47] chain Rs: 0.1169188 0.1169188 0.1169189 0.1169188 0.1178423 0.1169188 0.1178421 0.1169490 | best 0.116918816 | 9594s
[round 48] chain Rs: 0.1169188 0.1169188 0.1169189 0.1169188 0.1178423 0.1169188 0.1178421 0.1169456 | best 0.116918816 | 9789s
[round 49] chain Rs: 0.1169188 0.1169188 0.1169189 0.1169188 0.1178423 0.1169188 0.1178421 0.1169429 | best 0.116918816 | 9988s
[round 50] chain Rs: 0.1169188 0.1169188 0.1169189 0.1169188 0.1178423 0.1169188 0.1178421 0.1169404 | best 0.116918816 | 10184s
[round 51] RECOVERABLE MemoryError: Unable to allocate 7.63 MiB for an array with shape (10000, 100) and data type float64; rebuilding pool
[round 51] chain Rs: 0.1169188 0.1169188 0.1169189 0.1169188 0.1178423 0.1169188 0.1178421 0.1169383 | best 0.116918816 | 10536s
[round 52] chain Rs: 0.1169188 0.1169188 0.1169189 0.1169188 0.1178423 0.1169188 0.1178421 0.1169363 | best 0.116918816 | 10727s
[round 53] chain Rs: 0.1169188 0.1169188 0.1169189 0.1169188 0.1178423 0.1169188 0.1178421 0.1169346 | best 0.116918816 | 10916s
[gpu_hybrid] done: best = 0.116918816
